{
    "pindel_layout": {
        "content": [
            {
                "CGPPINDEL_CALL": {
                    "cgpPindel": "3.10.0"
                },
                "CGPPINDEL_INPUT": {
                    "cgpPindel": "3.10.0"
                },
                "CGPPINDEL_MERGE_FLAG": {
                    "cgpPindel": "3.10.0"
                },
                "Workflow": {
                    "shahcompbio/nf-pindel": "v1.0.0"
                }
            },
            [
                "TEST",
                "TEST/tumor_vs_normal.flagged.vcf.gz",
                "TEST/tumor_vs_normal.flagged.vcf.gz.tbi",
                "TEST/tumor_vs_normal.germline.bed",
                "TEST/tumor_vs_normal_mt.bam",
                "TEST/tumor_vs_normal_mt.bam.bai",
                "TEST/tumor_vs_normal_wt.bam",
                "TEST/tumor_vs_normal_wt.bam.bai",
                "pipeline_info",
                "pipeline_info/pindel_software_versions.yml"
            ]
        ],
        "timestamp": "2026-08-31T22:40:33.80754",
        "meta": {
            "nf-test": "0.9.5",
            "nextflow": "25.10.4"
        }
    }
}